Archive member included to satisfy reference by file (symbol)

d:/program files/microchip/7.0/toolchain/avr8/avr8-gnu-toolchain/bin/../lib/gcc/avr/5.4.0/avr4\libgcc.a(_exit.o)
                              D:/Program Files/Microchip/7.0/Packs/atmel/ATmega_DFP/1.6.364/gcc/dev/atmega48a/avr4/crtatmega48a.o (exit)
d:/program files/microchip/7.0/toolchain/avr8/avr8-gnu-toolchain/bin/../lib/gcc/avr/5.4.0/avr4\libgcc.a(_clear_bss.o)
                              RS485.o (__do_clear_bss)

Allocating common symbols
Common symbol       size              file

uartData            0x1               RS485.o

Discarded input sections

 .data          0x00000000        0x0 D:/Program Files/Microchip/7.0/Packs/atmel/ATmega_DFP/1.6.364/gcc/dev/atmega48a/avr4/crtatmega48a.o
 .bss           0x00000000        0x0 D:/Program Files/Microchip/7.0/Packs/atmel/ATmega_DFP/1.6.364/gcc/dev/atmega48a/avr4/crtatmega48a.o
 .text          0x00000000        0x0 board.o
 .data          0x00000000        0x0 board.o
 .bss           0x00000000        0x0 board.o
 .text.Error_Handler
                0x00000000       0x46 board.o
 .text          0x00000000        0x0 LTR559.o
 .data          0x00000000        0x0 LTR559.o
 .bss           0x00000000        0x0 LTR559.o
 .text.TWI_Read_register
                0x00000000       0x70 LTR559.o
 .text.TWI_Read_proximity
                0x00000000       0x32 LTR559.o
 .text          0x00000000        0x0 main.o
 .data          0x00000000        0x0 main.o
 .bss           0x00000000        0x0 main.o
 .text          0x00000000        0x0 servo.o
 .data          0x00000000        0x0 servo.o
 .bss           0x00000000        0x0 servo.o
 .text          0x00000000        0x0 RS485.o
 .data          0x00000000        0x0 RS485.o
 .bss           0x00000000        0x0 RS485.o
 .text.RS485_Transmit_byte
                0x00000000       0x14 RS485.o
 .text.RS485_Transmit_string
                0x00000000       0x3a RS485.o
 .text          0x00000000        0x0 d:/program files/microchip/7.0/toolchain/avr8/avr8-gnu-toolchain/bin/../lib/gcc/avr/5.4.0/avr4\libgcc.a(_exit.o)
 .data          0x00000000        0x0 d:/program files/microchip/7.0/toolchain/avr8/avr8-gnu-toolchain/bin/../lib/gcc/avr/5.4.0/avr4\libgcc.a(_exit.o)
 .bss           0x00000000        0x0 d:/program files/microchip/7.0/toolchain/avr8/avr8-gnu-toolchain/bin/../lib/gcc/avr/5.4.0/avr4\libgcc.a(_exit.o)
 .text.libgcc.mul
                0x00000000        0x0 d:/program files/microchip/7.0/toolchain/avr8/avr8-gnu-toolchain/bin/../lib/gcc/avr/5.4.0/avr4\libgcc.a(_exit.o)
 .text.libgcc.div
                0x00000000        0x0 d:/program files/microchip/7.0/toolchain/avr8/avr8-gnu-toolchain/bin/../lib/gcc/avr/5.4.0/avr4\libgcc.a(_exit.o)
 .text.libgcc   0x00000000        0x0 d:/program files/microchip/7.0/toolchain/avr8/avr8-gnu-toolchain/bin/../lib/gcc/avr/5.4.0/avr4\libgcc.a(_exit.o)
 .text.libgcc.prologue
                0x00000000        0x0 d:/program files/microchip/7.0/toolchain/avr8/avr8-gnu-toolchain/bin/../lib/gcc/avr/5.4.0/avr4\libgcc.a(_exit.o)
 .text.libgcc.builtins
                0x00000000        0x0 d:/program files/microchip/7.0/toolchain/avr8/avr8-gnu-toolchain/bin/../lib/gcc/avr/5.4.0/avr4\libgcc.a(_exit.o)
 .text.libgcc.fmul
                0x00000000        0x0 d:/program files/microchip/7.0/toolchain/avr8/avr8-gnu-toolchain/bin/../lib/gcc/avr/5.4.0/avr4\libgcc.a(_exit.o)
 .text.libgcc.fixed
                0x00000000        0x0 d:/program files/microchip/7.0/toolchain/avr8/avr8-gnu-toolchain/bin/../lib/gcc/avr/5.4.0/avr4\libgcc.a(_exit.o)
 .text          0x00000000        0x0 d:/program files/microchip/7.0/toolchain/avr8/avr8-gnu-toolchain/bin/../lib/gcc/avr/5.4.0/avr4\libgcc.a(_clear_bss.o)
 .data          0x00000000        0x0 d:/program files/microchip/7.0/toolchain/avr8/avr8-gnu-toolchain/bin/../lib/gcc/avr/5.4.0/avr4\libgcc.a(_clear_bss.o)
 .bss           0x00000000        0x0 d:/program files/microchip/7.0/toolchain/avr8/avr8-gnu-toolchain/bin/../lib/gcc/avr/5.4.0/avr4\libgcc.a(_clear_bss.o)
 .text.libgcc.mul
                0x00000000        0x0 d:/program files/microchip/7.0/toolchain/avr8/avr8-gnu-toolchain/bin/../lib/gcc/avr/5.4.0/avr4\libgcc.a(_clear_bss.o)
 .text.libgcc.div
                0x00000000        0x0 d:/program files/microchip/7.0/toolchain/avr8/avr8-gnu-toolchain/bin/../lib/gcc/avr/5.4.0/avr4\libgcc.a(_clear_bss.o)
 .text.libgcc   0x00000000        0x0 d:/program files/microchip/7.0/toolchain/avr8/avr8-gnu-toolchain/bin/../lib/gcc/avr/5.4.0/avr4\libgcc.a(_clear_bss.o)
 .text.libgcc.prologue
                0x00000000        0x0 d:/program files/microchip/7.0/toolchain/avr8/avr8-gnu-toolchain/bin/../lib/gcc/avr/5.4.0/avr4\libgcc.a(_clear_bss.o)
 .text.libgcc.builtins
                0x00000000        0x0 d:/program files/microchip/7.0/toolchain/avr8/avr8-gnu-toolchain/bin/../lib/gcc/avr/5.4.0/avr4\libgcc.a(_clear_bss.o)
 .text.libgcc.fmul
                0x00000000        0x0 d:/program files/microchip/7.0/toolchain/avr8/avr8-gnu-toolchain/bin/../lib/gcc/avr/5.4.0/avr4\libgcc.a(_clear_bss.o)
 .text.libgcc.fixed
                0x00000000        0x0 d:/program files/microchip/7.0/toolchain/avr8/avr8-gnu-toolchain/bin/../lib/gcc/avr/5.4.0/avr4\libgcc.a(_clear_bss.o)

Memory Configuration

Name             Origin             Length             Attributes
text             0x00000000         0x00001000         xr
data             0x00800100         0x00000200         rw !x
eeprom           0x00810000         0x00000100         rw !x
fuse             0x00820000         0x00000003         rw !x
lock             0x00830000         0x00000400         rw !x
signature        0x00840000         0x00000400         rw !x
user_signatures  0x00850000         0x00000400         rw !x
*default*        0x00000000         0xffffffff

Linker script and memory map

Address of section .data set to 0x800100
LOAD D:/Program Files/Microchip/7.0/Packs/atmel/ATmega_DFP/1.6.364/gcc/dev/atmega48a/avr4/crtatmega48a.o
LOAD board.o
LOAD LTR559.o
LOAD main.o
LOAD servo.o
LOAD RS485.o
START GROUP
LOAD d:/program files/microchip/7.0/toolchain/avr8/avr8-gnu-toolchain/bin/../lib/gcc/avr/5.4.0/../../../../avr/lib/avr4\libm.a
END GROUP
START GROUP
LOAD d:/program files/microchip/7.0/toolchain/avr8/avr8-gnu-toolchain/bin/../lib/gcc/avr/5.4.0/avr4\libgcc.a
LOAD d:/program files/microchip/7.0/toolchain/avr8/avr8-gnu-toolchain/bin/../lib/gcc/avr/5.4.0/../../../../avr/lib/avr4\libm.a
LOAD d:/program files/microchip/7.0/toolchain/avr8/avr8-gnu-toolchain/bin/../lib/gcc/avr/5.4.0/../../../../avr/lib/avr4\libc.a
LOAD D:/Program Files/Microchip/7.0/Packs/atmel/ATmega_DFP/1.6.364/gcc/dev/atmega48a/avr4\libatmega48a.a
END GROUP
                0x00000000                __TEXT_REGION_ORIGIN__ = DEFINED (__TEXT_REGION_ORIGIN__)?__TEXT_REGION_ORIGIN__:0x0
                [0x00800100]                __DATA_REGION_ORIGIN__ = DEFINED (__DATA_REGION_ORIGIN__)?__DATA_REGION_ORIGIN__:0x800060
                [0x00001000]                __TEXT_REGION_LENGTH__ = DEFINED (__TEXT_REGION_LENGTH__)?__TEXT_REGION_LENGTH__:0x2000
                [0x00000200]                __DATA_REGION_LENGTH__ = DEFINED (__DATA_REGION_LENGTH__)?__DATA_REGION_LENGTH__:0xffa0
                [0x00000100]                __EEPROM_REGION_LENGTH__ = DEFINED (__EEPROM_REGION_LENGTH__)?__EEPROM_REGION_LENGTH__:0x10000
                [0x00000003]                __FUSE_REGION_LENGTH__ = DEFINED (__FUSE_REGION_LENGTH__)?__FUSE_REGION_LENGTH__:0x400
                0x00000400                __LOCK_REGION_LENGTH__ = DEFINED (__LOCK_REGION_LENGTH__)?__LOCK_REGION_LENGTH__:0x400
                0x00000400                __SIGNATURE_REGION_LENGTH__ = DEFINED (__SIGNATURE_REGION_LENGTH__)?__SIGNATURE_REGION_LENGTH__:0x400
                0x00000400                __USER_SIGNATURE_REGION_LENGTH__ = DEFINED (__USER_SIGNATURE_REGION_LENGTH__)?__USER_SIGNATURE_REGION_LENGTH__:0x400

.hash
 *(.hash)

.dynsym
 *(.dynsym)

.dynstr
 *(.dynstr)

.gnu.version
 *(.gnu.version)

.gnu.version_d
 *(.gnu.version_d)

.gnu.version_r
 *(.gnu.version_r)

.rel.init
 *(.rel.init)

.rela.init
 *(.rela.init)

.rel.text
 *(.rel.text)
 *(.rel.text.*)
 *(.rel.gnu.linkonce.t*)

.rela.text
 *(.rela.text)
 *(.rela.text.*)
 *(.rela.gnu.linkonce.t*)

.rel.fini
 *(.rel.fini)

.rela.fini
 *(.rela.fini)

.rel.rodata
 *(.rel.rodata)
 *(.rel.rodata.*)
 *(.rel.gnu.linkonce.r*)

.rela.rodata
 *(.rela.rodata)
 *(.rela.rodata.*)
 *(.rela.gnu.linkonce.r*)

.rel.data
 *(.rel.data)
 *(.rel.data.*)
 *(.rel.gnu.linkonce.d*)

.rela.data
 *(.rela.data)
 *(.rela.data.*)
 *(.rela.gnu.linkonce.d*)

.rel.ctors
 *(.rel.ctors)

.rela.ctors
 *(.rela.ctors)

.rel.dtors
 *(.rel.dtors)

.rela.dtors
 *(.rela.dtors)

.rel.got
 *(.rel.got)

.rela.got
 *(.rela.got)

.rel.bss
 *(.rel.bss)

.rela.bss
 *(.rela.bss)

.rel.plt
 *(.rel.plt)

.rela.plt
 *(.rela.plt)

.text           0x00000000      0x24a
 *(.vectors)
 .vectors       0x00000000       0x34 D:/Program Files/Microchip/7.0/Packs/atmel/ATmega_DFP/1.6.364/gcc/dev/atmega48a/avr4/crtatmega48a.o
                0x00000000                __vector_default
                0x00000000                __vectors
 *(.vectors)
 *(.progmem.gcc*)
                0x00000034                . = ALIGN (0x2)
                0x00000034                __trampolines_start = .
 *(.trampolines)
 .trampolines   0x00000034        0x0 linker stubs
 *(.trampolines*)
                0x00000034                __trampolines_end = .
 *libprintf_flt.a:*(.progmem.data)
 *libc.a:*(.progmem.data)
 *(.progmem*)
                0x00000034                . = ALIGN (0x2)
 *(.jumptables)
 *(.jumptables*)
 *(.lowtext)
 *(.lowtext*)
                0x00000034                __ctors_start = .
 *(.ctors)
                0x00000034                __ctors_end = .
                0x00000034                __dtors_start = .
 *(.dtors)
                0x00000034                __dtors_end = .
 SORT(*)(.ctors)
 SORT(*)(.dtors)
 *(.init0)
 .init0         0x00000034        0x0 D:/Program Files/Microchip/7.0/Packs/atmel/ATmega_DFP/1.6.364/gcc/dev/atmega48a/avr4/crtatmega48a.o
                0x00000034                __init
 *(.init0)
 *(.init1)
 *(.init1)
 *(.init2)
 .init2         0x00000034        0xc D:/Program Files/Microchip/7.0/Packs/atmel/ATmega_DFP/1.6.364/gcc/dev/atmega48a/avr4/crtatmega48a.o
 *(.init2)
 *(.init3)
 *(.init3)
 *(.init4)
 .init4         0x00000040       0x10 d:/program files/microchip/7.0/toolchain/avr8/avr8-gnu-toolchain/bin/../lib/gcc/avr/5.4.0/avr4\libgcc.a(_clear_bss.o)
                0x00000040                __do_clear_bss
 *(.init4)
 *(.init5)
 *(.init5)
 *(.init6)
 *(.init6)
 *(.init7)
 *(.init7)
 *(.init8)
 *(.init8)
 *(.init9)
 .init9         0x00000050        0x4 D:/Program Files/Microchip/7.0/Packs/atmel/ATmega_DFP/1.6.364/gcc/dev/atmega48a/avr4/crtatmega48a.o
 *(.init9)
 *(.text)
 .text          0x00000054        0x2 D:/Program Files/Microchip/7.0/Packs/atmel/ATmega_DFP/1.6.364/gcc/dev/atmega48a/avr4/crtatmega48a.o
                0x00000054                __vector_22
                0x00000054                __vector_1
                0x00000054                __vector_24
                0x00000054                __vector_12
                0x00000054                __bad_interrupt
                0x00000054                __vector_6
                0x00000054                __vector_3
                0x00000054                __vector_23
                0x00000054                __vector_25
                0x00000054                __vector_11
                0x00000054                __vector_13
                0x00000054                __vector_17
                0x00000054                __vector_19
                0x00000054                __vector_7
                0x00000054                __vector_5
                0x00000054                __vector_9
                0x00000054                __vector_2
                0x00000054                __vector_21
                0x00000054                __vector_15
                0x00000054                __vector_8
                0x00000054                __vector_14
                0x00000054                __vector_10
                0x00000054                __vector_16
                0x00000056                . = ALIGN (0x2)
 *(.text.*)
 .text.Board_init
                0x00000056       0x1e board.o
                0x00000056                Board_init
 .text.TWI_Init
                0x00000074        0x8 LTR559.o
                0x00000074                TWI_Init
 .text.TWI_Write_register
                0x0000007c       0x4e LTR559.o
                0x0000007c                TWI_Write_register
 .text.LTR559_Init
                0x000000ca       0x42 LTR559.o
                0x000000ca                LTR559_Init
 .text.__vector_4
                0x0000010c       0x34 LTR559.o
                0x0000010c                __vector_4
 .text.main     0x00000140       0x82 main.o
                0x00000140                main
 .text.Timer_init
                0x000001c2       0x26 servo.o
                0x000001c2                Timer_init
 .text.RS485_init
                0x000001e8       0x20 RS485.o
                0x000001e8                RS485_init
 .text.__vector_18
                0x00000208       0x20 RS485.o
                0x00000208                __vector_18
 .text.__vector_20
                0x00000228       0x1e RS485.o
                0x00000228                __vector_20
                0x00000246                . = ALIGN (0x2)
 *(.fini9)
 .fini9         0x00000246        0x0 d:/program files/microchip/7.0/toolchain/avr8/avr8-gnu-toolchain/bin/../lib/gcc/avr/5.4.0/avr4\libgcc.a(_exit.o)
                0x00000246                _exit
                0x00000246                exit
 *(.fini9)
 *(.fini8)
 *(.fini8)
 *(.fini7)
 *(.fini7)
 *(.fini6)
 *(.fini6)
 *(.fini5)
 *(.fini5)
 *(.fini4)
 *(.fini4)
 *(.fini3)
 *(.fini3)
 *(.fini2)
 *(.fini2)
 *(.fini1)
 *(.fini1)
 *(.fini0)
 .fini0         0x00000246        0x4 d:/program files/microchip/7.0/toolchain/avr8/avr8-gnu-toolchain/bin/../lib/gcc/avr/5.4.0/avr4\libgcc.a(_exit.o)
 *(.fini0)
                0x0000024a                _etext = .

.data           0x00800100        0x0 load address 0x0000024a
                [!provide]                PROVIDE (__data_start, .)
 *(.data)
 *(.data*)
 *(.gnu.linkonce.d*)
 *(.rodata)
 *(.rodata*)
 *(.gnu.linkonce.r*)
                0x00800100                . = ALIGN (0x2)
                0x00800100                _edata = .
                [!provide]                PROVIDE (__data_end, .)

.bss            0x00800100        0x1
                0x00800100                PROVIDE (__bss_start, .)
 *(.bss)
 *(.bss*)
 *(COMMON)
 COMMON         0x00800100        0x1 RS485.o
                0x00800100                uartData
                0x00800101                PROVIDE (__bss_end, .)
                0x0000024a                __data_load_start = LOADADDR (.data)
                0x0000024a                __data_load_end = (__data_load_start + SIZEOF (.data))

.noinit         0x00800101        0x0
                [!provide]                PROVIDE (__noinit_start, .)
 *(.noinit*)
                [!provide]                PROVIDE (__noinit_end, .)
                0x00800101                _end = .
                [!provide]                PROVIDE (__heap_start, .)

.eeprom         0x00810000        0x0
 *(.eeprom*)
                0x00810000                __eeprom_end = .

.fuse
 *(.fuse)
 *(.lfuse)
 *(.hfuse)
 *(.efuse)

.lock
 *(.lock*)

.signature
 *(.signature*)

.user_signatures
 *(.user_signatures*)

.stab
 *(.stab)

.stabstr
 *(.stabstr)

.stab.excl
 *(.stab.excl)

.stab.exclstr
 *(.stab.exclstr)

.stab.index
 *(.stab.index)

.stab.indexstr
 *(.stab.indexstr)

.comment        0x00000000       0x30
 *(.comment)
 .comment       0x00000000       0x30 board.o
                                 0x31 (size before relaxing)
 .comment       0x00000030       0x31 LTR559.o
 .comment       0x00000030       0x31 main.o
 .comment       0x00000030       0x31 servo.o
 .comment       0x00000030       0x31 RS485.o

.note.gnu.avr.deviceinfo
                0x00000000       0x3c
 .note.gnu.avr.deviceinfo
                0x00000000       0x3c D:/Program Files/Microchip/7.0/Packs/atmel/ATmega_DFP/1.6.364/gcc/dev/atmega48a/avr4/crtatmega48a.o

.note.gnu.build-id
 *(.note.gnu.build-id)

.debug
 *(.debug)

.line
 *(.line)

.debug_srcinfo
 *(.debug_srcinfo)

.debug_sfnames
 *(.debug_sfnames)

.debug_aranges  0x00000000       0xf0
 *(.debug_aranges)
 .debug_aranges
                0x00000000       0x28 board.o
 .debug_aranges
                0x00000028       0x48 LTR559.o
 .debug_aranges
                0x00000070       0x20 main.o
 .debug_aranges
                0x00000090       0x20 servo.o
 .debug_aranges
                0x000000b0       0x40 RS485.o

.debug_pubnames
 *(.debug_pubnames)

.debug_info     0x00000000      0xd3a
 *(.debug_info .gnu.linkonce.wi.*)
 .debug_info    0x00000000      0x5f4 D:/Program Files/Microchip/7.0/Packs/atmel/ATmega_DFP/1.6.364/gcc/dev/atmega48a/avr4/crtatmega48a.o
 .debug_info    0x000005f4      0x151 board.o
 .debug_info    0x00000745      0x266 LTR559.o
 .debug_info    0x000009ab      0x1bf main.o
 .debug_info    0x00000b6a       0x94 servo.o
 .debug_info    0x00000bfe      0x13c RS485.o

.debug_abbrev   0x00000000      0xa0f
 *(.debug_abbrev)
 .debug_abbrev  0x00000000      0x5a2 D:/Program Files/Microchip/7.0/Packs/atmel/ATmega_DFP/1.6.364/gcc/dev/atmega48a/avr4/crtatmega48a.o
 .debug_abbrev  0x000005a2       0xdc board.o
 .debug_abbrev  0x0000067e      0x159 LTR559.o
 .debug_abbrev  0x000007d7       0xf5 main.o
 .debug_abbrev  0x000008cc       0x4f servo.o
 .debug_abbrev  0x0000091b       0xf4 RS485.o

.debug_line     0x00000000      0x860
 *(.debug_line .debug_line.* .debug_line_end)
 .debug_line    0x00000000      0x134 D:/Program Files/Microchip/7.0/Packs/atmel/ATmega_DFP/1.6.364/gcc/dev/atmega48a/avr4/crtatmega48a.o
 .debug_line    0x00000134      0x16a board.o
 .debug_line    0x0000029e      0x246 LTR559.o
 .debug_line    0x000004e4      0x194 main.o
 .debug_line    0x00000678       0xab servo.o
 .debug_line    0x00000723      0x13d RS485.o

.debug_frame    0x00000000      0x1b0
 *(.debug_frame)
 .debug_frame   0x00000000       0x34 board.o
 .debug_frame   0x00000034       0x9c LTR559.o
 .debug_frame   0x000000d0       0x24 main.o
 .debug_frame   0x000000f4       0x24 servo.o
 .debug_frame   0x00000118       0x98 RS485.o

.debug_str      0x00000000      0x4cf
 *(.debug_str)
 .debug_str     0x00000000      0x209 D:/Program Files/Microchip/7.0/Packs/atmel/ATmega_DFP/1.6.364/gcc/dev/atmega48a/avr4/crtatmega48a.o
 .debug_str     0x00000209      0x196 board.o
                                0x1ca (size before relaxing)
 .debug_str     0x0000039f       0xac LTR559.o
                                0x205 (size before relaxing)
 .debug_str     0x0000044b       0x30 main.o
                                0x1f4 (size before relaxing)
 .debug_str     0x0000047b        0xd servo.o
                                0x17f (size before relaxing)
 .debug_str     0x00000488       0x47 RS485.o
                                0x1d9 (size before relaxing)

.debug_loc      0x00000000      0x35b
 *(.debug_loc)
 .debug_loc     0x00000000       0x90 board.o
 .debug_loc     0x00000090      0x120 LTR559.o
 .debug_loc     0x000001b0       0x90 main.o
 .debug_loc     0x00000240      0x11b RS485.o

.debug_macinfo
 *(.debug_macinfo)

.debug_weaknames
 *(.debug_weaknames)

.debug_funcnames
 *(.debug_funcnames)

.debug_typenames
 *(.debug_typenames)

.debug_varnames
 *(.debug_varnames)

.debug_pubtypes
 *(.debug_pubtypes)

.debug_ranges   0x00000000       0xa0
 *(.debug_ranges)
 .debug_ranges  0x00000000       0x18 board.o
 .debug_ranges  0x00000018       0x38 LTR559.o
 .debug_ranges  0x00000050       0x10 main.o
 .debug_ranges  0x00000060       0x10 servo.o
 .debug_ranges  0x00000070       0x30 RS485.o

.debug_macro
 *(.debug_macro)
OUTPUT(nPNP_Feeder.elf elf32-avr)
LOAD linker stubs
